Mono path[0] = 'G:/Games/Hollow-Knight-SteamRIP.com/Hollow Knight/hollow_knight_Data/Managed'
Mono config path = 'G:/Games/Hollow-Knight-SteamRIP.com/Hollow Knight/MonoBleedingEdge/etc'
Input System module state changed to: Initialized.
[Physics::Module] Initialized fallback backend.
[Physics::Module] Id: 0xdecafbad
Initialize engine version: 6000.0.61f1 (74a0adb02c31)
[Subsystems] Discovering subsystems at path G:/Games/Hollow-Knight-SteamRIP.com/Hollow Knight/hollow_knight_Data/UnitySubsystems
GfxDevice: creating device client; kGfxThreadingModeThreaded
Direct3D:
    Version:  Direct3D 11.0 [level 11.1]
    Renderer: NVIDIA GeForce GTX 1050 Ti (ID=0x1c82)
    Vendor:   NVIDIA
    VRAM:     4004 MB
    Driver:   32.0.15.8266
Begin MonoManager ReloadAssembly
- Loaded All Assemblies, in 10.958 seconds
- Finished resetting the current domain, in  0.026 seconds
[Physics::Module] Selected backend.
[Physics::Module] Name: PhysX
[Physics::Module] Id: 0xf2b8ea05
[Physics::Module] SDK Version: 4.1.2
[Physics::Module] Integration Version: 1.0.0
[Physics::Module] Threading Mode: Multi-Threaded
<RI> Initializing input.
Using Windows.Gaming.Input
<RI> Input initialized.
UnloadTime: 14.598000 ms
Steam initializing
Steam logged in as STEAMRIP
Selected online subsystem SteamOnlineSubsystem
Discovered supported languages: DE, EN, ES, FR, IT, JA, KO, PT, RU, ZH
Unloading 5 Unused Serialized files (Serialized files now loaded: 0)
Loaded saved language code 'EN'
Restored language code 'EN'
Unloading 48 unused Assets to reduce memory usage. Loaded Objects now: 4232.
Total: 41.049900 ms (FindLiveObjects: 0.213300 ms CreateObjectMapping: 0.150300 ms MarkObjects: 40.651600 ms  DeleteObjects: 0.034500 ms)

Couldn't find GameCameras, make sure one exists in the scene.
Steam stats received.
Unloading 5 Unused Serialized files (Serialized files now loaded: 0)
Didn't need to wait for PlayerPrefs load.
Couldn't find GameCameras, make sure one exists in the scene.
UnloadTime: 24.404400 ms
DontDestroyOnLoad only works for root GameObjects or components on root GameObjects.
Performing automatic level start.
Game controller set to None.
Loaded saved language code 'EN'
Restored language code 'EN'
Attempting to get `timeSamples` on an audio source that has a resource assigned that is not a clip is ignored!
pd.maxHealth: 8 pd.maxHealthBase: 8
Unloading 64 unused Assets to reduce memory usage. Loaded Objects now: 47337.
Total: 61.652200 ms (FindLiveObjects: 4.457800 ms CreateObjectMapping: 2.230400 ms MarkObjects: 54.807700 ms  DeleteObjects: 0.155900 ms)

Making UI menu lean.
Attempting to get `timeSamples` on an audio source that has a resource assigned that is not a clip is ignored!
Unloading 15 Unused Serialized files (Serialized files now loaded: 0)
Unloading 179 unused Assets to reduce memory usage. Loaded Objects now: 50080.
Total: 47.098800 ms (FindLiveObjects: 3.284700 ms CreateObjectMapping: 1.709900 ms MarkObjects: 38.247300 ms  DeleteObjects: 3.856400 ms)

Attempting to update blur with no renderer. Will try to find it now...
Object Pool attached to GlobalPool has run out of Run Effects prefabs, Instantiating an additional one.
Object Pool attached to GlobalPool has run out of Strike Nail R prefabs, Instantiating an additional one.
Object Pool attached to GlobalPool has run out of Slash Impact R prefabs, Instantiating an additional one.
Object Pool attached to GlobalPool has run out of Run Effects prefabs, Instantiating an additional one.
Object Pool attached to GlobalPool has run out of Run Effects prefabs, Instantiating an additional one.
Could not find FSM: health_manager_enemy
Object Pool attached to GlobalPool has run out of HK Plume prefabs, Instantiating an additional one.
Object Pool attached to GlobalPool has run out of HK Plume prefabs, Instantiating an additional one.
Object Pool attached to GlobalPool has run out of HK Plume prefabs, Instantiating an additional one.
Object Pool attached to GlobalPool has run out of HK Plume prefabs, Instantiating an additional one.
Object Pool attached to GlobalPool has run out of HK Plume prefabs, Instantiating an additional one.
Couldn't find current scene object!
Object Pool attached to GlobalPool could not find a copy of Audio Player NoDestroy, Instantiating a new one.
Unloading 36 Unused Serialized files (Serialized files now loaded: 0)
Unloading 316 unused Assets to reduce memory usage. Loaded Objects now: 58085.
Total: 59.632800 ms (FindLiveObjects: 5.309700 ms CreateObjectMapping: 2.603400 ms MarkObjects: 50.694600 ms  DeleteObjects: 1.024900 ms)

Object Pool attached to GlobalPool has run out of Run Effects prefabs, Instantiating an additional one.
Object Pool attached to GlobalPool has run out of particle_orange blood prefabs, Instantiating an additional one.
Object Pool attached to GlobalPool has run out of particle_orange blood prefabs, Instantiating an additional one.
Object Pool attached to GlobalPool has run out of particle_orange blood prefabs, Instantiating an additional one.
Object Pool attached to GlobalPool has run out of particle_orange blood prefabs, Instantiating an additional one.
Object Pool attached to GlobalPool has run out of particle_orange blood prefabs, Instantiating an additional one.
Object Pool attached to GlobalPool has run out of particle_orange blood prefabs, Instantiating an additional one.
Object Pool attached to GlobalPool has run out of particle_orange blood prefabs, Instantiating an additional one.
Object Pool attached to GlobalPool has run out of particle_orange blood prefabs, Instantiating an additional one.
Object Pool attached to GlobalPool has run out of particle_orange blood prefabs, Instantiating an additional one.
Object Pool attached to GlobalPool has run out of particle_orange blood prefabs, Instantiating an additional one.
Object Pool attached to GlobalPool has run out of particle_orange blood prefabs, Instantiating an additional one.
Object Pool attached to GlobalPool has run out of particle_orange blood prefabs, Instantiating an additional one.
Object Pool attached to GlobalPool has run out of particle_orange blood prefabs, Instantiating an additional one.
Object Pool attached to GlobalPool has run out of particle_orange blood prefabs, Instantiating an additional one.
Object Pool attached to GlobalPool has run out of particle_orange blood prefabs, Instantiating an additional one.
Object Pool attached to GlobalPool has run out of particle_orange blood prefabs, Instantiating an additional one.
Object Pool attached to GlobalPool has run out of particle_orange blood prefabs, Instantiating an additional one.
Object Pool attached to GlobalPool has run out of particle_orange blood prefabs, Instantiating an additional one.
Object Pool attached to GlobalPool has run out of particle_orange blood prefabs, Instantiating an additional one.
Object Pool attached to GlobalPool has run out of particle_orange blood prefabs, Instantiating an additional one.
Object Pool attached to GlobalPool has run out of particle_orange blood prefabs, Instantiating an additional one.
Object Pool attached to GlobalPool has run out of particle_orange blood prefabs, Instantiating an additional one.
Object Pool attached to GlobalPool has run out of particle_orange blood prefabs, Instantiating an additional one.
Object Pool attached to GlobalPool has run out of particle_orange blood prefabs, Instantiating an additional one.
Object Pool attached to GlobalPool has run out of particle_orange blood prefabs, Instantiating an additional one.
Object Pool attached to GlobalPool has run out of particle_orange blood prefabs, Instantiating an additional one.
Object Pool attached to GlobalPool has run out of particle_orange blood prefabs, Instantiating an additional one.
Object Pool attached to GlobalPool has run out of particle_orange blood prefabs, Instantiating an additional one.
Object Pool attached to GlobalPool has run out of particle_orange blood prefabs, Instantiating an additional one.
Object Pool attached to GlobalPool has run out of particle_orange blood prefabs, Instantiating an additional one.
Object Pool attached to GlobalPool has run out of particle_orange blood prefabs, Instantiating an additional one.
Object Pool attached to GlobalPool has run out of particle_orange blood prefabs, Instantiating an additional one.
Object Pool attached to GlobalPool has run out of particle_orange blood prefabs, Instantiating an additional one.
Object Pool attached to GlobalPool has run out of Shot HK Spurt prefabs, Instantiating an additional one.
Object Pool attached to GlobalPool has run out of Shot HK Spurt prefabs, Instantiating an additional one.
Object Pool attached to GlobalPool has run out of Shot HK Spurt prefabs, Instantiating an additional one.
Object Pool attached to GlobalPool has run out of Shot HK Spurt prefabs, Instantiating an additional one.
Object Pool attached to GlobalPool has run out of Shot HK Spurt prefabs, Instantiating an additional one.
Object Pool attached to GlobalPool has run out of Shot HK Spurt prefabs, Instantiating an additional one.
Object Pool attached to GlobalPool has run out of Shot HK Spurt prefabs, Instantiating an additional one.
Object Pool attached to GlobalPool has run out of Shot HK Spurt prefabs, Instantiating an additional one.
Object Pool attached to GlobalPool has run out of Shot HK Spurt prefabs, Instantiating an additional one.
Object Pool attached to GlobalPool has run out of Shot HK Spurt prefabs, Instantiating an additional one.
Object Pool attached to GlobalPool has run out of Shot HK Spurt prefabs, Instantiating an additional one.
Object Pool attached to GlobalPool has run out of Shot HK Spurt prefabs, Instantiating an additional one.
Object Pool attached to GlobalPool has run out of Shot HK Spurt prefabs, Instantiating an additional one.
Object Pool attached to GlobalPool has run out of Shot HK Spurt prefabs, Instantiating an additional one.
Object Pool attached to GlobalPool has run out of Shot HK Spurt prefabs, Instantiating an additional one.
Object Pool attached to GlobalPool has run out of Shot HK Spurt prefabs, Instantiating an additional one.
Object Pool attached to GlobalPool has run out of Shot HK Spurt prefabs, Instantiating an additional one.
Object Pool attached to GlobalPool has run out of Shot HK Spurt prefabs, Instantiating an additional one.
Object Pool attached to GlobalPool has run out of Shot HK Spurt prefabs, Instantiating an additional one.
Object Pool attached to GlobalPool has run out of HK Plume prefabs, Instantiating an additional one.
Object Pool attached to GlobalPool has run out of HK Plume prefabs, Instantiating an additional one.
Object Pool attached to GlobalPool has run out of HK Plume prefabs, Instantiating an additional one.
Object Pool attached to GlobalPool has run out of HK Plume prefabs, Instantiating an additional one.
Object Pool attached to GlobalPool has run out of HK Plume prefabs, Instantiating an additional one.
Object Pool attached to GlobalPool has run out of HK Plume prefabs, Instantiating an additional one.
Object Pool attached to GlobalPool has run out of HK Plume prefabs, Instantiating an additional one.
Object Pool attached to GlobalPool has run out of HK Plume prefabs, Instantiating an additional one.
Object Pool attached to GlobalPool has run out of HK Plume prefabs, Instantiating an additional one.
Object Pool attached to GlobalPool has run out of HK Plume prefabs, Instantiating an additional one.
Object Pool attached to GlobalPool has run out of HK Plume prefabs, Instantiating an additional one.
Object Pool attached to GlobalPool has run out of HK Plume prefabs, Instantiating an additional one.
Object Pool attached to GlobalPool has run out of HK Plume prefabs, Instantiating an additional one.
Object Pool attached to GlobalPool has run out of HK Plume prefabs, Instantiating an additional one.
Object Pool attached to GlobalPool has run out of HK Plume prefabs, Instantiating an additional one.
Object Pool attached to GlobalPool has run out of HK Plume prefabs, Instantiating an additional one.
Object Pool attached to GlobalPool has run out of HK Plume prefabs, Instantiating an additional one.
Object Pool attached to GlobalPool has run out of HK Plume prefabs, Instantiating an additional one.
Object Pool attached to GlobalPool has run out of HK Plume prefabs, Instantiating an additional one.
Object Pool attached to GlobalPool has run out of HK Plume prefabs, Instantiating an additional one.
Object Pool attached to GlobalPool has run out of Audio Player Actor 2D prefabs, Instantiating an additional one.
Object Pool attached to GlobalPool has run out of Audio Player Actor 2D prefabs, Instantiating an additional one.
Object Pool attached to GlobalPool has run out of Ghost Hit Pt prefabs, Instantiating an additional one.
Couldn't find current scene object!
Object Pool attached to GlobalPool has run out of Audio Player NoDestroy prefabs, Instantiating an additional one.
Unloading 47 Unused Serialized files (Serialized files now loaded: 0)
Unloading 1053 unused Assets to reduce memory usage. Loaded Objects now: 59360.
Total: 59.524100 ms (FindLiveObjects: 4.916300 ms CreateObjectMapping: 3.463100 ms MarkObjects: 48.420100 ms  DeleteObjects: 2.724000 ms)

Object Pool attached to GlobalPool has run out of particle_orange blood prefabs, Instantiating an additional one.
Object Pool attached to GlobalPool has run out of particle_orange blood prefabs, Instantiating an additional one.
Object Pool attached to GlobalPool has run out of particle_orange blood prefabs, Instantiating an additional one.
Object Pool attached to GlobalPool has run out of particle_orange blood prefabs, Instantiating an additional one.
Object Pool attached to GlobalPool has run out of particle_orange blood prefabs, Instantiating an additional one.
Object Pool attached to GlobalPool has run out of particle_orange blood prefabs, Instantiating an additional one.
Object Pool attached to GlobalPool has run out of Nail Clash Effect prefabs, Instantiating an additional one.
Couldn't find current scene object!
Object Pool attached to GlobalPool has run out of Audio Player NoDestroy prefabs, Instantiating an additional one.
Unloading 36 Unused Serialized files (Serialized files now loaded: 0)
Unloading 317 unused Assets to reduce memory usage. Loaded Objects now: 59476.
Total: 56.474400 ms (FindLiveObjects: 3.867200 ms CreateObjectMapping: 2.139500 ms MarkObjects: 49.365000 ms  DeleteObjects: 1.102500 ms)

Object Pool attached to GlobalPool has run out of particle_orange blood prefabs, Instantiating an additional one.
Object Pool attached to GlobalPool has run out of particle_orange blood prefabs, Instantiating an additional one.
Object Pool attached to GlobalPool has run out of particle_orange blood prefabs, Instantiating an additional one.
Object Pool attached to GlobalPool has run out of particle_orange blood prefabs, Instantiating an additional one.
Object Pool attached to GlobalPool has run out of particle_orange blood prefabs, Instantiating an additional one.
Object Pool attached to GlobalPool has run out of Ghost Hit Pt prefabs, Instantiating an additional one.
Couldn't find current scene object!
Object Pool attached to GlobalPool has run out of Audio Player NoDestroy prefabs, Instantiating an additional one.
Unloading 47 Unused Serialized files (Serialized files now loaded: 0)
Unloading 1045 unused Assets to reduce memory usage. Loaded Objects now: 59668.
Total: 57.458800 ms (FindLiveObjects: 4.208000 ms CreateObjectMapping: 2.265900 ms MarkObjects: 48.384600 ms  DeleteObjects: 2.599900 ms)

Could not find FSM: health_manager_enemy
Object Pool attached to GlobalPool has run out of Radiant Nail Comb prefabs, Instantiating an additional one.
Object Pool attached to GlobalPool has run out of Ghost Hit Pt prefabs, Instantiating an additional one.
Couldn't find current scene object!
Object Pool attached to GlobalPool has run out of Audio Player NoDestroy prefabs, Instantiating an additional one.
Unloading 47 Unused Serialized files (Serialized files now loaded: 0)
Unloading 1049 unused Assets to reduce memory usage. Loaded Objects now: 59816.
Total: 62.550900 ms (FindLiveObjects: 5.832100 ms CreateObjectMapping: 2.545400 ms MarkObjects: 51.668300 ms  DeleteObjects: 2.504900 ms)

Could not find FSM: health_manager_enemy
Couldn't find current scene object!
Object Pool attached to GlobalPool has run out of Audio Player NoDestroy prefabs, Instantiating an additional one.
Unloading 47 Unused Serialized files (Serialized files now loaded: 0)
Unloading 1048 unused Assets to reduce memory usage. Loaded Objects now: 59976.
Total: 63.573000 ms (FindLiveObjects: 4.281200 ms CreateObjectMapping: 3.067100 ms MarkObjects: 53.732300 ms  DeleteObjects: 2.492200 ms)

Unloading 6 Unused Serialized files (Serialized files now loaded: 0)
Coroutine couldn't be started because the the game object 'Arrow Prompt New(Clone)' is inactive!
UnloadTime: 3.597000 ms
No Tilemap, refreshing GameManager
Using fallback 1 to find tilemap. Scene  requires manual fixing.
Using fallback 2 to find tilemap. Scene  requires manual fixing.
Failed to find tilemap in  entirely.
No Tilemap found!
Unloading 182 unused Assets to reduce memory usage. Loaded Objects now: 57164.
Total: 58.029800 ms (FindLiveObjects: 3.708000 ms CreateObjectMapping: 2.379500 ms MarkObjects: 51.129100 ms  DeleteObjects: 0.812800 ms)

Unloading 5 Unused Serialized files (Serialized files now loaded: 0)
UnloadTime: 0.162300 ms
DontDestroyOnLoad only works for root GameObjects or components on root GameObjects.
Performing automatic level start.
Unloading 604 unused Assets to reduce memory usage. Loaded Objects now: 32530.
Total: 35.945400 ms (FindLiveObjects: 1.757800 ms CreateObjectMapping: 1.713600 ms MarkObjects: 31.264200 ms  DeleteObjects: 1.209400 ms)

Unloading 0 Unused Serialized files (Serialized files now loaded: 0)
Game controller set to None.
Loaded saved language code 'EN'
Restored language code 'EN'
Attempting to get `timeSamples` on an audio source that has a resource assigned that is not a clip is ignored!
pd.maxHealth: 8 pd.maxHealthBase: 8
Unloading 37 unused Assets to reduce memory usage. Loaded Objects now: 49407.
Total: 48.481800 ms (FindLiveObjects: 4.027900 ms CreateObjectMapping: 2.177200 ms MarkObjects: 42.164500 ms  DeleteObjects: 0.111800 ms)

Shutting down Steam API.
[Physics::Module] Cleanup current backned.
[Physics::Module] Id: 0xf2b8ea05
Input System module state changed to: ShutdownInProgress.
Input System polling thread exited.
Input System module state changed to: Shutdown.
